ROC : ignore_module
ROCBUF : ignore_module
DOUT_OSERDESE1_VHD : ignore_module
FIFO_ADDR_OSERDESE1_VHD : ignore_module
FIFO_RESET_OSERDESE1_VHD : ignore_module
FIFO_TDPIPE_OSERDESE1_VHD : ignore_module
IODLYCTRL_NPRE_OSERDESE1_VHD : ignore_module
RANK12D_OSERDESE1_VHD : ignore_module
TOUT_OSERDESE1_VHD : ignore_module
TRIF_OSERDESE1_VHD : ignore_module
TXBUFFER_OSERDESE1_VHD : ignore_module
FF18_INTERNAL_VHDL : ignore_module
FF36_INTERNAL_VHDL : ignore_module
RB18_INTERNAL_VHDL : ignore_module
RB36_INTERNAL_VHDL : ignore_module
ARAMB36_INTERNAL : ignore_module
AFIFO36_INTERNAL : ignore_module
BUFGCTRL : SIM_X_INPUT;
CLKDLL : MAXPERCLKIN;
CLKDLL : SIM_CLKIN_CYCLE_JITTER;
CLKDLL : SIM_CLKIN_PERIOD_JITTER;
CLKDLLE : MAXPERCLKIN;
CLKDLLE : SIM_CLKIN_CYCLE_JITTER;
CLKDLLE : SIM_CLKIN_PERIOD_JITTER;
CLKDLLHF : MAXPERCLKIN;
CLKDLLHF : SIM_CLKIN_CYCLE_JITTER;
CLKDLLHF : SIM_CLKIN_PERIOD_JITTER;
DCM : MAXPERCLKIN;
DCM : MAXPERPSCLK;
DCM : SIM_CLKIN_CYCLE_JITTER;
DCM : SIM_CLKIN_PERIOD_JITTER;
DCM : clock_name;
DCM : maximum_period;
DCM_ADV : MAXPERCLKIN;
DCM_ADV : MAXPERPSCLK;
DCM_ADV : SIM_CLKIN_CYCLE_JITTER;
DCM_ADV : SIM_CLKIN_PERIOD_JITTER;
DCM_ADV : clock_name;
DCM_ADV : maximum_period;
EMAC : in_delay;
EMAC : out_delay;
FIFO16 : SIM_X_INPUT;
GT : in_delay;
GT : out_delay;
GT10 : in_delay;
GT10 : out_delay;
GT11 : in_delay;
GT11 : out_delay;
IDELAY : SIM_TAPDELAY_VALUE;
ISERDES : DDR_CLK_EDGE;
ISERDES : INIT_BITSLIPCNT;
ISERDES : INIT_CE;
ISERDES : INIT_RANK1_PARTIAL;
ISERDES : INIT_RANK2;
ISERDES : INIT_RANK3;
ISERDES : OFB_USED;
ISERDES : SERDES;
ISERDES : SRTYPE;
ISERDES : SIM_TAPDELAY_VALUE;
ISERDES : TFB_USED;
ISERDES : ffbsc;
ISERDES : ffinp;
ISERDES : mxbsc;
ISERDES : mxinp1;
ISERDES : mxinp1_my;
ISERDES : mxinp2;
ISERDES : ffice;
ISERDES : mxice;
OSERDES : ffdcnt;
OSERDES : io_ffd;
OSERDES : io_mxd;
OSERDES : iot_ffd;
OSERDES : iot_mxd;
OSERDES : mxdcnt;
OSERDES : DDR_CLK_EDGE;
OSERDES : INIT_LOADCNT;
OSERDES : INIT_ORANK1;
OSERDES : INIT_ORANK2_PARTIAL;
OSERDES : INIT_TRANK1;
OSERDES : SERDES;
OSERDES : SRTYPE;
PPC405 : in_delay;
PPC405 : out_delay;
PPC405_ADV : in_delay;
PPC405_ADV : out_delay;
RAMB16 : DISABLE_COLLISION_CHECK;
RAMB16 : SIM_X_INPUT;
RAMB16_S18_S18 : SETUP_ALL;
RAMB16_S18_S18 : SETUP_READ_FIRST;
RAMB16_S18_S36 : SETUP_ALL;
RAMB16_S18_S36 : SETUP_READ_FIRST;
RAMB16_S1_S1 : SETUP_ALL;
RAMB16_S1_S1 : SETUP_READ_FIRST;
RAMB16_S1_S18 : SETUP_ALL;
RAMB16_S1_S18 : SETUP_READ_FIRST;
RAMB16_S1_S2 : SETUP_ALL;
RAMB16_S1_S2 : SETUP_READ_FIRST;
RAMB16_S1_S36 : SETUP_ALL;
RAMB16_S1_S36 : SETUP_READ_FIRST;
RAMB16_S1_S4 : SETUP_ALL;
RAMB16_S1_S4 : SETUP_READ_FIRST;
RAMB16_S1_S9 : SETUP_ALL;
RAMB16_S1_S9 : SETUP_READ_FIRST;
RAMB16_S2_S18 : SETUP_ALL;
RAMB16_S2_S18 : SETUP_READ_FIRST;
RAMB16_S2_S2 : SETUP_ALL;
RAMB16_S2_S2 : SETUP_READ_FIRST;
RAMB16_S2_S36 : SETUP_ALL;
RAMB16_S2_S36 : SETUP_READ_FIRST;
RAMB16_S2_S4 : SETUP_ALL;
RAMB16_S2_S4 : SETUP_READ_FIRST;
RAMB16_S2_S9 : SETUP_ALL;
RAMB16_S2_S9 : SETUP_READ_FIRST;
RAMB16_S36_S36 : SETUP_ALL;
RAMB16_S36_S36 : SETUP_READ_FIRST;
RAMB16_S4_S18 : SETUP_ALL;
RAMB16_S4_S18 : SETUP_READ_FIRST;
RAMB16_S4_S36 : SETUP_ALL;
RAMB16_S4_S36 : SETUP_READ_FIRST;
RAMB16_S4_S4 : SETUP_ALL;
RAMB16_S4_S4 : SETUP_READ_FIRST;
RAMB16_S4_S9 : SETUP_ALL;
RAMB16_S4_S9 : SETUP_READ_FIRST;
RAMB16_S9_S18 : SETUP_ALL;
RAMB16_S9_S18 : SETUP_READ_FIRST;
RAMB16_S9_S36 : SETUP_ALL;
RAMB16_S9_S36 : SETUP_READ_FIRST;
RAMB16_S9_S9 : SETUP_ALL;
RAMB16_S9_S9 : SETUP_READ_FIRST;
RAMB4_S16_S16 : SETUP_ALL;
RAMB4_S1_S1 : SETUP_ALL;
RAMB4_S1_S16 : SETUP_ALL;
RAMB4_S1_S2 : SETUP_ALL;
RAMB4_S1_S4 : SETUP_ALL;
RAMB4_S1_S8 : SETUP_ALL;
RAMB4_S2_S16 : SETUP_ALL;
RAMB4_S2_S2 : SETUP_ALL;
RAMB4_S2_S4 : SETUP_ALL;
RAMB4_S2_S8 : SETUP_ALL;
RAMB4_S4_S16 : SETUP_ALL;
RAMB4_S4_S4 : SETUP_ALL;
RAMB4_S4_S8 : SETUP_ALL;
RAMB4_S8_S16 : SETUP_ALL;
RAMB4_S8_S8 : SETUP_ALL;
bscntrl : ignore_module
bscntrl_nodelay : ignore_module
bscntrl_iserdese1_vhd : ignore_module
clkdll_maximum_period_check : ignore_module
clkdlle_maximum_period_check : ignore_module
clkdllhf_maximum_period_check : ignore_module
dcm_adv_clock_divide_by_2 : ignore_module
dcm_adv_clock_lost : ignore_module
dcm_adv_maximum_period_check : ignore_module
dcm_clock_divide_by_2 : ignore_module
dcm_clock_lost : ignore_module
dcm_maximum_period_check : ignore_module
dcm_sp_clock_divide_by_2 : ignore_module
dcm_sp_clock_lost : ignore_module
dcm_sp_maximum_period_check : ignore_module
fpga_startup_virtex4 : ignore_module
ice_module : ignore_module
ice_module_nodelay : ignore_module
ice_iserdese1_vhd : ignore_module
plg_oserdese1_vhd : ignore_module
selfheal_oserdese1_vhd : ignore_module
PLG : ignore_module
FPGA_startup : ignore_module
JTAG_SIM_VIRTEX4_SUBMOD : ignore_module
JTAG_SIM_VIRTEX5_SUBMOD : ignore_module
JTAG_SIME2_SUBMOD : ignore_module
IOOUT : ignore_module
IOT : ignore_module
